################################################################################
# Learning curves for training properties:
#  * energies
#  * forces
################################################################################
# Col  Name             Description
################################################################################
# 1    epoch            Current epoch.
# 2    RMSEpa_Etrain_pu RMSE of training energies per atom (physical units)
# 3    RMSEpa_Etest_pu  RMSE of test energies per atom (physical units)
# 4    RMSE_Etrain_pu   RMSE of training energies (physical units)
# 5    RMSE_Etest_pu    RMSE of test energies (physical units)
# 6    MAEpa_Etrain_pu  MAE of training energies per atom (physical units)
# 7    MAEpa_Etest_pu   MAE of test energies per atom (physical units)
# 8    MAE_Etrain_pu    MAE of training energies (physical units)
# 9    MAE_Etest_pu     MAE of test energies (physical units)
# 10   RMSE_Ftrain_pu   RMSE of training forces (physical units)
# 11   RMSE_Ftest_pu    RMSE of test forces (physical units)
# 12   MAE_Ftrain_pu    MAE of training forces (physical units)
# 13   MAE_Ftest_pu     MAE of test forces (physical units)
######################################################################################################################################################################################################################
#        1                2                3                4                5                6                7                8                9               10               11               12               13
#    epoch RMSEpa_Etrain_pu  RMSEpa_Etest_pu   RMSE_Etrain_pu    RMSE_Etest_pu  MAEpa_Etrain_pu   MAEpa_Etest_pu    MAE_Etrain_pu     MAE_Etest_pu   RMSE_Ftrain_pu    RMSE_Ftest_pu    MAE_Ftrain_pu     MAE_Ftest_pu
######################################################################################################################################################################################################################
         0   5.74697209E+00   5.74737562E+00   1.10341864E+03   1.10349612E+03   5.74693840E+00   5.74734158E+00   1.10341217E+03   1.10348958E+03   5.83020567E-01   5.80053987E-01   4.82799997E-01   4.80470353E-01
         1   4.19812306E-05   4.51616940E-05   8.06039628E-03   8.67104524E-03   3.26426897E-05   3.52977478E-05   6.26739643E-03   6.77716758E-03   3.02348870E-03   2.90308690E-03   1.92258791E-03   1.89755915E-03
         2   2.33344888E-05   2.41973005E-05   4.48022185E-03   4.64588169E-03   1.84785974E-05   1.91117882E-05   3.54789071E-03   3.66946334E-03   1.58441693E-03   1.53141313E-03   1.05782943E-03   1.04645718E-03
         3   1.82853267E-05   1.86788653E-05   3.51078272E-03   3.58634213E-03   1.43977261E-05   1.46846317E-05   2.76436340E-03   2.81944929E-03   1.25358098E-03   1.23165012E-03   8.79706105E-04   8.72748880E-04
         4   1.55040175E-05   1.64465387E-05   2.97677135E-03   3.15773543E-03   1.19469167E-05   1.22631872E-05   2.29380800E-03   2.35453194E-03   1.16777356E-03   1.15003975E-03   8.26118965E-04   8.21469125E-04
         5   1.53198324E-05   1.64924060E-05   2.94140782E-03   3.16654196E-03   1.17910742E-05   1.23001464E-05   2.26388625E-03   2.36162812E-03   1.11497359E-03   1.10324742E-03   7.96851587E-04   7.93038359E-04
         6   1.45244508E-05   1.56750912E-05   2.78869454E-03   3.00961750E-03   1.10942579E-05   1.16634934E-05   2.13009753E-03   2.23939073E-03   1.08413283E-03   1.07362701E-03   7.77729115E-04   7.74247170E-04
         7   1.42389051E-05   1.52211440E-05   2.73386977E-03   2.92245965E-03   1.09560337E-05   1.13223054E-05   2.10355847E-03   2.17388265E-03   1.06251353E-03   1.05349480E-03   7.63196619E-04   7.60288227E-04
         8   1.39262413E-05   1.50990006E-05   2.67383833E-03   2.89900811E-03   1.06552558E-05   1.12140867E-05   2.04580911E-03   2.15310464E-03   1.04502681E-03   1.03815495E-03   7.52938560E-04   7.50750553E-04
         9   1.36779898E-05   1.48500706E-05   2.62617405E-03   2.85121355E-03   1.04385914E-05   1.09895579E-05   2.00420955E-03   2.10999511E-03   1.03326257E-03   1.02644886E-03   7.44122703E-04   7.41865442E-04
        10   1.35045088E-05   1.46082607E-05   2.59286569E-03   2.80478606E-03   1.03316350E-05   1.08435137E-05   1.98367393E-03   2.08195462E-03   1.02197526E-03   1.01542718E-03   7.36409885E-04   7.34180654E-04
        11   1.33146596E-05   1.44229393E-05   2.55641463E-03   2.76920434E-03   1.01472208E-05   1.06807583E-05   1.94826639E-03   2.05070560E-03   1.00878984E-03   1.00403054E-03   7.30476392E-04   7.28638972E-04
        12   1.32246229E-05   1.43822144E-05   2.53912760E-03   2.76138516E-03   1.00658663E-05   1.05806677E-05   1.93264633E-03   2.03148820E-03   9.99961382E-04   9.95741392E-04   7.24916927E-04   7.23256830E-04
        13   1.32352904E-05   1.44208891E-05   2.54117575E-03   2.76881070E-03   1.00828634E-05   1.06803377E-05   1.93590976E-03   2.05062484E-03   9.92831087E-04   9.88487847E-04   7.20338857E-04   7.18688542E-04
        14   1.31659447E-05   1.43734635E-05   2.52786138E-03   2.75970500E-03   1.00385136E-05   1.05700457E-05   1.92739462E-03   2.02944878E-03   9.85668785E-04   9.82067140E-04   7.15595072E-04   7.13910621E-04
        15   1.31299647E-05   1.43436292E-05   2.52095321E-03   2.75397681E-03   1.00349678E-05   1.06724881E-05   1.92671381E-03   2.04911772E-03   9.79214060E-04   9.76038894E-04   7.11899543E-04   7.10100483E-04
        16   1.29595438E-05   1.41067246E-05   2.48823241E-03   2.70849111E-03   9.90646729E-06   1.04350114E-05   1.90204172E-03   2.00352219E-03   9.73787293E-04   9.70700913E-04   7.08272984E-04   7.06645117E-04
        17   1.28426685E-05   1.39833836E-05   2.46579234E-03   2.68480966E-03   9.83987670E-06   1.03682860E-05   1.88925633E-03   1.99071090E-03   9.69481914E-04   9.66189665E-04   7.05179982E-04   7.03477369E-04
        18   1.28483477E-05   1.41160389E-05   2.46688276E-03   2.71027947E-03   9.77070946E-06   1.04254471E-05   1.87597622E-03   2.00168585E-03   9.65774980E-04   9.62840951E-04   7.02870375E-04   7.01240778E-04
        19   1.31436116E-05   1.42060048E-05   2.52357343E-03   2.72755292E-03   1.00855523E-05   1.07238379E-05   1.93642604E-03   2.05897688E-03   9.60271895E-04   9.58065797E-04   6.99305272E-04   6.97856433E-04
        20   1.27259126E-05   1.38987181E-05   2.44337523E-03   2.66855387E-03   9.74851809E-06   1.03281058E-05   1.87171547E-03   1.98299630E-03   9.56672308E-04   9.54650765E-04   6.97039355E-04   6.95643827E-04
        21   1.28864982E-05   1.39016237E-05   2.47420765E-03   2.66911176E-03   9.91437231E-06   1.02879060E-05   1.90355948E-03   1.97527794E-03   9.53805556E-04   9.51965094E-04   6.95335823E-04   6.93792418E-04
        22   1.26716148E-05   1.37223131E-05   2.43295005E-03   2.63468411E-03   9.74645438E-06   1.02512234E-05   1.87131924E-03   1.96823490E-03   9.49001613E-04   9.47244443E-04   6.92388890E-04   6.91002000E-04
        23   1.33879316E-05   1.41357421E-05   2.57048286E-03   2.71406249E-03   1.04529185E-05   1.08561578E-05   2.00696036E-03   2.08438231E-03   9.45718836E-04   9.44131959E-04   6.90519764E-04   6.89137836E-04
        24   1.25474301E-05   1.37509602E-05   2.40910657E-03   2.64018436E-03   9.58736668E-06   1.01297954E-05   1.84077440E-03   1.94492072E-03   9.43832228E-04   9.42304363E-04   6.89348379E-04   6.87888002E-04
        25   1.32689130E-05   1.43565881E-05   2.54763130E-03   2.75646491E-03   1.01722440E-05   1.05345585E-05   1.95307084E-03   2.02263522E-03   9.40158423E-04   9.38596955E-04   6.86497430E-04   6.85173223E-04
        26   1.24412130E-05   1.36239908E-05   2.38871289E-03   2.61580623E-03   9.46568772E-06   1.00864077E-05   1.81741204E-03   1.93659027E-03   9.37775451E-04   9.36398481E-04   6.85425398E-04   6.84139994E-04
        27   1.25758322E-05   1.36490444E-05   2.41455979E-03   2.62061652E-03   9.68127385E-06   1.02876403E-05   1.85880458E-03   1.97522693E-03   9.34554551E-04   9.33696501E-04   6.83452051E-04   6.82260970E-04
        28   1.24371826E-05   1.35996133E-05   2.38793905E-03   2.61112575E-03   9.50122667E-06   1.00626795E-05   1.82423552E-03   1.93203446E-03   9.32284916E-04   9.31445515E-04   6.81834675E-04   6.80525441E-04
        29   1.23944272E-05   1.35141012E-05   2.37973002E-03   2.59470743E-03   9.47716630E-06   1.00589386E-05   1.81961593E-03   1.93131621E-03   9.29648000E-04   9.28729698E-04   6.80049832E-04   6.78767226E-04
        30   1.23337453E-05   1.35128222E-05   2.36807909E-03   2.59446187E-03   9.39497593E-06   9.91546997E-06   1.80383538E-03   1.90377023E-03   9.27431705E-04   9.26676339E-04   6.78842869E-04   6.77532429E-04
        31   1.25430959E-05   1.37109946E-05   2.40827441E-03   2.63251096E-03   9.56539850E-06   1.00145915E-05   1.83655651E-03   1.92280156E-03   9.25417217E-04   9.24757674E-04   6.77444162E-04   6.76084432E-04
        32   1.23121769E-05   1.34657871E-05   2.36393797E-03   2.58543113E-03   9.43115084E-06   9.96609844E-06   1.81078096E-03   1.91349090E-03   9.23550477E-04   9.22981984E-04   6.76396285E-04   6.75121930E-04
        33   1.24158094E-05   1.35217085E-05   2.38383541E-03   2.59616804E-03   9.48154378E-06   9.91840170E-06   1.82045641E-03   1.90433313E-03   9.21531333E-04   9.21052145E-04   6.75039687E-04   6.73676737E-04
        34   1.23130973E-05   1.35842908E-05   2.36411468E-03   2.60818384E-03   9.39581497E-06   9.98567204E-06   1.80399647E-03   1.91724903E-03   9.19026005E-04   9.18880112E-04   6.73486169E-04   6.72335683E-04
        35   1.24148385E-05   1.38172277E-05   2.38364898E-03   2.65290772E-03   9.45244732E-06   1.01827611E-05   1.81486988E-03   1.95509013E-03   9.17106874E-04   9.16611376E-04   6.72152124E-04   6.70982870E-04
        36   1.22972752E-05   1.34044717E-05   2.36107684E-03   2.57365856E-03   9.40139159E-06   9.96324260E-06   1.80506718E-03   1.91294258E-03   9.15625259E-04   9.15121693E-04   6.71252570E-04   6.70047079E-04
        37   1.24820513E-05   1.38367099E-05   2.39655386E-03   2.65664830E-03   9.51511923E-06   1.01495224E-05   1.82690289E-03   1.94870830E-03   9.13482187E-04   9.13051337E-04   6.69556489E-04   6.68337538E-04
        38   1.21583010E-05   1.34364505E-05   2.33439380E-03   2.57979849E-03   9.24301476E-06   9.87299728E-06   1.77465883E-03   1.89561548E-03   9.12536032E-04   9.12240596E-04   6.69189660E-04   6.68048377E-04
        39   1.22789167E-05   1.35885531E-05   2.35755200E-03   2.60900220E-03   9.40050280E-06   1.01566431E-05   1.80489654E-03   1.95007547E-03   9.12736357E-04   9.11948885E-04   6.69313118E-04   6.67814260E-04
        40   1.21337974E-05   1.34356333E-05   2.32968910E-03   2.57964160E-03   9.22108722E-06   9.84648822E-06   1.77044875E-03   1.89052574E-03   9.09452218E-04   9.08792633E-04   6.66822952E-04   6.65429962E-04
        41   1.21013144E-05   1.33773710E-05   2.32345237E-03   2.56845523E-03   9.25705640E-06   9.98105299E-06   1.77735483E-03   1.91636217E-03   9.07549825E-04   9.07109950E-04   6.65380038E-04   6.64134046E-04
        42   1.23533630E-05   1.36125328E-05   2.37184569E-03   2.61360629E-03   9.42531948E-06   1.02370726E-05   1.80966134E-03   1.96551794E-03   9.06475661E-04   9.06161457E-04   6.64828397E-04   6.63646512E-04
        43   1.21804772E-05   1.32649871E-05   2.33865163E-03   2.54687751E-03   9.39542582E-06   9.95636872E-06   1.80392176E-03   1.91162279E-03   9.04661213E-04   9.04908995E-04   6.64179996E-04   6.62941613E-04
        44   1.20376123E-05   1.33812875E-05   2.31122157E-03   2.56920720E-03   9.18778448E-06   9.89066423E-06   1.76405462E-03   1.89900753E-03   9.02762428E-04   9.03011033E-04   6.62725890E-04   6.61423014E-04
        45   1.20901267E-05   1.34002756E-05   2.32130433E-03   2.57285292E-03   9.21435533E-06   9.97292271E-06   1.76915622E-03   1.91480116E-03   9.01217783E-04   9.01429895E-04   6.61775576E-04   6.60478402E-04
        46   1.25092838E-05   1.38946957E-05   2.40178250E-03   2.66778157E-03   9.52926973E-06   1.04220308E-05   1.82961979E-03   2.00102992E-03   9.00168851E-04   9.00518221E-04   6.61223871E-04   6.59924604E-04
        47   1.20612122E-05   1.32827668E-05   2.31575274E-03   2.55029122E-03   9.23859726E-06   9.82792323E-06   1.77381067E-03   1.88696126E-03   8.99107079E-04   8.99999223E-04   6.60561517E-04   6.59294032E-04
        48   1.24671041E-05   1.37217519E-05   2.39368398E-03   2.63457636E-03   9.51471343E-06   1.00105510E-05   1.82682498E-03   1.92202579E-03   8.98312003E-04   8.99405728E-04   6.60178780E-04   6.58945760E-04
        49   1.28002914E-05   1.38577830E-05   2.45765595E-03   2.66069434E-03   1.00284068E-05   1.07530223E-05   1.92545410E-03   2.06458028E-03   8.96886211E-04   8.97813079E-04   6.59497827E-04   6.58244498E-04
        50   1.20343504E-05   1.32907126E-05   2.31059528E-03   2.55181683E-03   9.23191565E-06   9.81558135E-06   1.77252780E-03   1.88459162E-03   8.94645818E-04   8.95681030E-04   6.58234674E-04   6.57061199E-04
        51   1.19659830E-05   1.32190228E-05   2.29746873E-03   2.53805237E-03   9.14423746E-06   9.83842144E-06   1.75569359E-03   1.88897692E-03   8.93469934E-04   8.94359564E-04   6.57449868E-04   6.56274605E-04
        52   1.20595878E-05   1.34442728E-05   2.31544086E-03   2.58130037E-03   9.13779091E-06   9.95729667E-06   1.75445585E-03   1.91180096E-03   8.92829491E-04   8.93753600E-04   6.57313272E-04   6.56183465E-04
        53   1.21508309E-05   1.32118361E-05   2.33295954E-03   2.53667252E-03   9.34664256E-06   9.85592658E-06   1.79455537E-03   1.89233790E-03   8.91320597E-04   8.92333567E-04   6.56066380E-04   6.54964328E-04
        54   1.20625635E-05   1.34102933E-05   2.31601220E-03   2.57477632E-03   9.22158116E-06   9.82239418E-06   1.77054358E-03   1.88589968E-03   8.90963201E-04   8.91975310E-04   6.56021586E-04   6.54931951E-04
        55   1.19375633E-05   1.32036636E-05   2.29201214E-03   2.53510341E-03   9.09593509E-06   9.74872812E-06   1.74641954E-03   1.87175580E-03   8.89757286E-04   8.90905313E-04   6.55221356E-04   6.54190820E-04
        56   1.20121110E-05   1.32971005E-05   2.30632531E-03   2.55304330E-03   9.14353684E-06   9.67029794E-06   1.75555907E-03   1.85669720E-03   8.88415355E-04   8.89272566E-04   6.54077951E-04   6.52885486E-04
        57   1.18808214E-05   1.31550165E-05   2.28111772E-03   2.52576317E-03   9.04343768E-06   9.72893570E-06   1.73634003E-03   1.86795565E-03   8.87836036E-04   8.88756184E-04   6.53779073E-04   6.52556255E-04
        58   1.23907883E-05   1.35194307E-05   2.37903135E-03   2.59573069E-03   9.46411503E-06   1.02338457E-05   1.81711009E-03   1.96489838E-03   8.86617240E-04   8.87506083E-04   6.52756448E-04   6.51548791E-04
        59   1.25269704E-05   1.37696382E-05   2.40517832E-03   2.64377053E-03   9.57762965E-06   1.00615379E-05   1.83890489E-03   1.93181527E-03   8.85962946E-04   8.86932419E-04   6.52356954E-04   6.51250114E-04
        60   1.18898755E-05   1.31755384E-05   2.28285610E-03   2.52970336E-03   9.06582285E-06   9.81057562E-06   1.74063799E-03   1.88363052E-03   8.85425682E-04   8.86269170E-04   6.51974594E-04   6.50762095E-04
        61   1.19691692E-05   1.33408131E-05   2.29808048E-03   2.56143612E-03   9.05947806E-06   9.93877018E-06   1.73941979E-03   1.90824388E-03   8.84589917E-04   8.85119209E-04   6.51160623E-04   6.49780051E-04
        62   1.19311354E-05   1.33171240E-05   2.29077800E-03   2.55688780E-03   9.09295011E-06   9.76614761E-06   1.74584642E-03   1.87510034E-03   8.83785488E-04   8.84192229E-04   6.50482959E-04   6.49098448E-04
        63   1.18950829E-05   1.32387370E-05   2.28385591E-03   2.54183750E-03   9.06599791E-06   9.67599549E-06   1.74067160E-03   1.85779113E-03   8.82589841E-04   8.83137253E-04   6.49716409E-04   6.48433718E-04
        64   1.18427116E-05   1.30994526E-05   2.27380063E-03   2.51509490E-03   9.04396560E-06   9.63916815E-06   1.73644139E-03   1.85072028E-03   8.81871533E-04   8.82293852E-04   6.49361666E-04   6.47902655E-04
        65   1.21187975E-05   1.34024922E-05   2.32680913E-03   2.57327850E-03   9.26540487E-06   9.77542712E-06   1.77895774E-03   1.87688201E-03   8.82288899E-04   8.82602324E-04   6.49820219E-04   6.48318971E-04
        66   1.23804644E-05   1.38764499E-05   2.37704916E-03   2.66427838E-03   9.39770168E-06   1.02754458E-05   1.80435872E-03   1.97288559E-03   8.80424827E-04   8.80972127E-04   6.48398617E-04   6.46996273E-04
        67   1.17809331E-05   1.30489127E-05   2.26193916E-03   2.50539125E-03   9.02382770E-06   9.74691350E-06   1.73257492E-03   1.87140739E-03   8.79971492E-04   8.80353055E-04   6.48330644E-04   6.46932070E-04
        68   1.17877514E-05   1.31548736E-05   2.26324828E-03   2.52573574E-03   8.96917724E-06   9.66084248E-06   1.72208203E-03   1.85488176E-03   8.79303998E-04   8.79550766E-04   6.47703584E-04   6.46193913E-04
        69   1.19750138E-05   1.33482391E-05   2.29920265E-03   2.56286191E-03   9.14812603E-06   9.79752123E-06   1.75644020E-03   1.88112408E-03   8.78093675E-04   8.78280122E-04   6.46787011E-04   6.45319819E-04
        70   1.18919796E-05   1.32540083E-05   2.28326008E-03   2.54476960E-03   9.07714490E-06   9.73095375E-06   1.74281182E-03   1.86834312E-03   8.77596084E-04   8.78030616E-04   6.46490095E-04   6.45051827E-04
        71   1.18984699E-05   1.31107655E-05   2.28450621E-03   2.51726697E-03   9.17553633E-06   9.81980840E-06   1.76170298E-03   1.88540321E-03   8.76424672E-04   8.76892901E-04   6.45784957E-04   6.44467166E-04
        72   1.18757919E-05   1.32023934E-05   2.28015204E-03   2.53485953E-03   9.05835120E-06   9.63763308E-06   1.73920343E-03   1.85042555E-03   8.76725890E-04   8.77168147E-04   6.46119441E-04   6.44664812E-04
        73   1.18313217E-05   1.30482254E-05   2.27161377E-03   2.50525927E-03   9.07052328E-06   9.78606086E-06   1.74154047E-03   1.87892369E-03   8.75192551E-04   8.75743130E-04   6.45112817E-04   6.43822941E-04
        74   1.17936094E-05   1.29581984E-05   2.26437300E-03   2.48797408E-03   9.01406525E-06   9.55160881E-06   1.73070053E-03   1.83390889E-03   8.75465812E-04   8.76517162E-04   6.45635105E-04   6.44369527E-04
        75   1.16421229E-05   1.29361673E-05   2.23528760E-03   2.48374412E-03   8.84490780E-06   9.52623882E-06   1.69822230E-03   1.82903785E-03   8.74646597E-04   8.75666861E-04   6.45193364E-04   6.43980983E-04
        76   1.16836012E-05   1.29887105E-05   2.24325142E-03   2.49383242E-03   8.88310693E-06   9.62410503E-06   1.70555653E-03   1.84782817E-03   8.73735906E-04   8.74787748E-04   6.44446966E-04   6.43186260E-04
        77   1.18606262E-05   1.32907878E-05   2.27724023E-03   2.55183125E-03   8.96418748E-06   9.80255985E-06   1.72112400E-03   1.88209149E-03   8.73188623E-04   8.74257070E-04   6.44265302E-04   6.43148513E-04
        78   1.16634441E-05   1.29366597E-05   2.23938127E-03   2.48383867E-03   8.88613684E-06   9.58558604E-06   1.70613827E-03   1.84043252E-03   8.72074603E-04   8.73224451E-04   6.43182330E-04   6.41954489E-04
        79   1.17324570E-05   1.30692577E-05   2.25263174E-03   2.50929748E-03   8.95679607E-06   9.57088228E-06   1.71970485E-03   1.83760940E-03   8.71607899E-04   8.72572982E-04   6.43124428E-04   6.41902711E-04
        80   1.17316135E-05   1.30986729E-05   2.25246979E-03   2.51494519E-03   8.89633135E-06   9.75155698E-06   1.70809562E-03   1.87229894E-03   8.70827573E-04   8.71868094E-04   6.42526785E-04   6.41276116E-04
        81   1.17051736E-05   1.29213681E-05   2.24739334E-03   2.48090267E-03   8.93828196E-06   9.54772964E-06   1.71615014E-03   1.83316409E-03   8.70078033E-04   8.71064125E-04   6.42117531E-04   6.40918931E-04
        82   1.17838158E-05   1.30707998E-05   2.26249264E-03   2.50959357E-03   8.98536560E-06   9.71966425E-06   1.72519020E-03   1.86617554E-03   8.69882038E-04   8.70776825E-04   6.41981451E-04   6.40722219E-04
        83   1.16816988E-05   1.30391963E-05   2.24288616E-03   2.50352569E-03   8.83764208E-06   9.63076123E-06   1.69682728E-03   1.84910616E-03   8.69388567E-04   8.70536849E-04   6.41705195E-04   6.40468592E-04
        84   1.17813969E-05   1.30327938E-05   2.26202820E-03   2.50229642E-03   9.04002624E-06   9.71297267E-06   1.73568504E-03   1.86489075E-03   8.68655506E-04   8.70122903E-04   6.41224652E-04   6.40058781E-04
        85   1.19128494E-05   1.33198885E-05   2.28726709E-03   2.55741860E-03   9.01993535E-06   9.88016678E-06   1.73182759E-03   1.89699202E-03   8.68398156E-04   8.69787947E-04   6.41199648E-04   6.40069894E-04
        86   1.16778272E-05   1.30272296E-05   2.24214281E-03   2.50122809E-03   8.86706059E-06   9.53319946E-06   1.70247563E-03   1.83037430E-03   8.67364528E-04   8.68735267E-04   6.40292740E-04   6.39034119E-04
        87   1.15811421E-05   1.28939627E-05   2.22357928E-03   2.47564083E-03   8.81158172E-06   9.48270622E-06   1.69182369E-03   1.82067959E-03   8.66326563E-04   8.67717152E-04   6.39756852E-04   6.38613964E-04
        88   1.17111654E-05   1.30389885E-05   2.24854375E-03   2.50348579E-03   8.98772193E-06   9.74750558E-06   1.72564261E-03   1.87152107E-03   8.65875927E-04   8.67326520E-04   6.39514334E-04   6.38336229E-04
        89   1.19537165E-05   1.31261855E-05   2.29511357E-03   2.52022762E-03   9.13548356E-06   9.95313506E-06   1.75401284E-03   1.91100193E-03   8.65359600E-04   8.66622518E-04   6.39057332E-04   6.37842906E-04
        90   1.16793353E-05   1.30063992E-05   2.24243238E-03   2.49722864E-03   8.87478004E-06   9.65593210E-06   1.70395777E-03   1.85393896E-03   8.64840965E-04   8.66114203E-04   6.38669158E-04   6.37451481E-04
        91   1.17503502E-05   1.31478488E-05   2.25606724E-03   2.52438696E-03   8.92042984E-06   9.59335394E-06   1.71272253E-03   1.84192396E-03   8.64337471E-04   8.65712996E-04   6.38332087E-04   6.37104996E-04
        92   1.17339748E-05   1.29111225E-05   2.25292317E-03   2.47893551E-03   8.95886828E-06   9.69231486E-06   1.72010271E-03   1.86092445E-03   8.64026999E-04   8.65377002E-04   6.38104790E-04   6.36864840E-04
        93   1.15673845E-05   1.29456115E-05   2.22093782E-03   2.48555740E-03   8.78877204E-06   9.54382807E-06   1.68744423E-03   1.83241499E-03   8.63446800E-04   8.64854652E-04   6.37974720E-04   6.36800590E-04
        94   1.18657549E-05   1.30873988E-05   2.27822493E-03   2.51278056E-03   8.99107050E-06   9.82561590E-06   1.72628554E-03   1.88651825E-03   8.62867384E-04   8.64386321E-04   6.37545844E-04   6.36355111E-04
        95   1.17527537E-05   1.31084202E-05   2.25652871E-03   2.51681668E-03   8.94148982E-06   9.82805962E-06   1.71676605E-03   1.88698745E-03   8.62308968E-04   8.63733147E-04   6.37157888E-04   6.35996833E-04
        96   1.26797012E-05   1.36931863E-05   2.43450264E-03   2.62909177E-03   9.94358365E-06   1.06632274E-05   1.90916806E-03   2.04733966E-03   8.61728257E-04   8.63083860E-04   6.36677023E-04   6.35485390E-04
        97   1.15418706E-05   1.28816583E-05   2.21603915E-03   2.47327839E-03   8.76135832E-06   9.55890011E-06   1.68218080E-03   1.83530882E-03   8.61428577E-04   8.62811829E-04   6.36666321E-04   6.35502702E-04
        98   1.16917614E-05   1.30883068E-05   2.24481819E-03   2.51295490E-03   8.92176971E-06   9.56458308E-06   1.71297978E-03   1.83639995E-03   8.61529138E-04   8.63181332E-04   6.36831765E-04   6.35737585E-04
        99   1.16224907E-05   1.29437772E-05   2.23151821E-03   2.48520522E-03   8.89859584E-06   9.68316843E-06   1.70853040E-03   1.85916834E-03   8.60276046E-04   8.61761577E-04   6.35927916E-04   6.34750210E-04
       100   1.18856671E-05   1.30735990E-05   2.28204809E-03   2.51013100E-03   9.20795105E-06   9.91168790E-06   1.76792660E-03   1.90304408E-03   8.59714135E-04   8.61122162E-04   6.35608460E-04   6.34438931E-04
       101   1.18093840E-05   1.29489292E-05   2.26740172E-03   2.48619441E-03   9.02200983E-06   9.48052907E-06   1.73222589E-03   1.82026158E-03   8.59588924E-04   8.60912412E-04   6.35336527E-04   6.34068246E-04
       102   1.18074728E-05   1.32021292E-05   2.26703478E-03   2.53480880E-03   8.92629383E-06   9.85166318E-06   1.71384842E-03   1.89151933E-03   8.59344228E-04   8.60705793E-04   6.35256784E-04   6.34076173E-04
       103   1.15091110E-05   1.28384873E-05   2.20974930E-03   2.46498957E-03   8.76461614E-06   9.53021075E-06   1.68280630E-03   1.82980046E-03   8.58777187E-04   8.60173276E-04   6.34840862E-04   6.33602387E-04
       104   1.16199763E-05   1.29820057E-05   2.23103545E-03   2.49254509E-03   8.90799225E-06   9.60242251E-06   1.71033451E-03   1.84366512E-03   8.58354891E-04   8.59729437E-04   6.34770205E-04   6.33557415E-04
       105   1.15404859E-05   1.29296090E-05   2.21577330E-03   2.48248494E-03   8.78553528E-06   9.48105426E-06   1.68682277E-03   1.82036242E-03   8.57754307E-04   8.59260814E-04   6.34246947E-04   6.32994738E-04
       106   1.15414791E-05   1.28209067E-05   2.21596398E-03   2.46161409E-03   8.86629210E-06   9.60988744E-06   1.70232808E-03   1.84509839E-03   8.57395600E-04   8.58835829E-04   6.34079917E-04   6.32852887E-04
       107   1.16029449E-05   1.30184476E-05   2.22776542E-03   2.49954194E-03   8.91633133E-06   9.71469565E-06   1.71193562E-03   1.86522157E-03   8.56820945E-04   8.58509207E-04   6.33582349E-04   6.32450717E-04
       108   1.14531082E-05   1.28673085E-05   2.19899678E-03   2.47052323E-03   8.69131818E-06   9.49680169E-06   1.66873309E-03   1.82338593E-03   8.56552581E-04   8.58105874E-04   6.33425370E-04   6.32199110E-04
       109   1.15736646E-05   1.30489768E-05   2.22214360E-03   2.50540355E-03   8.77667783E-06   9.60373076E-06   1.68512214E-03   1.84391631E-03   8.56225469E-04   8.57929884E-04   6.33421637E-04   6.32318310E-04
       110   1.14348463E-05   1.28260462E-05   2.19549050E-03   2.46260087E-03   8.69321992E-06   9.50256700E-06   1.66909822E-03   1.82449286E-03   8.55652284E-04   8.57451852E-04   6.32932147E-04   6.31796179E-04
       111   1.16470360E-05   1.30468902E-05   2.23623091E-03   2.50500291E-03   8.93544096E-06   9.81643918E-06   1.71560466E-03   1.88475632E-03   8.55389500E-04   8.57230347E-04   6.32797183E-04   6.31708420E-04
       112   1.18351644E-05   1.29981049E-05   2.27235156E-03   2.49563614E-03   9.14455714E-06   9.87438700E-06   1.75575497E-03   1.89588230E-03   8.54603411E-04   8.56325549E-04   6.32186090E-04   6.30967809E-04
       113   1.14606245E-05   1.27825120E-05   2.20043990E-03   2.45424230E-03   8.77619197E-06   9.52313482E-06   1.68502886E-03   1.82844189E-03   8.54097078E-04   8.55836258E-04   6.31869652E-04   6.30687955E-04
       114   1.14786645E-05   1.27698626E-05   2.20390357E-03   2.45181362E-03   8.77281428E-06   9.56063926E-06   1.68438034E-03   1.83564274E-03   8.53944285E-04   8.55839109E-04   6.32082757E-04   6.31095738E-04
       115   1.14833863E-05   1.28298989E-05   2.20481016E-03   2.46334059E-03   8.69933259E-06   9.50208418E-06   1.67027186E-03   1.82440016E-03   8.53440544E-04   8.55284476E-04   6.31521547E-04   6.30392301E-04
       116   1.15284013E-05   1.29563815E-05   2.21345305E-03   2.48762524E-03   8.79257062E-06   9.52541874E-06   1.68817356E-03   1.82888040E-03   8.53098882E-04   8.54951628E-04   6.31464569E-04   6.30456948E-04
       117   1.14575382E-05   1.29245120E-05   2.19984733E-03   2.48150630E-03   8.69924975E-06   9.53015426E-06   1.67025595E-03   1.82978962E-03   8.52573845E-04   8.54397613E-04   6.30941151E-04   6.29831502E-04
       118   1.14847714E-05   1.29238489E-05   2.20507612E-03   2.48137899E-03   8.78049090E-06   9.61979813E-06   1.68585425E-03   1.84700124E-03   8.52323833E-04   8.54065602E-04   6.30707357E-04   6.29548791E-04
       119   1.15059683E-05   1.28775251E-05   2.20914592E-03   2.47248482E-03   8.77048578E-06   9.60962436E-06   1.68393327E-03   1.84504788E-03   8.52006800E-04   8.53733553E-04   6.30611334E-04   6.29468544E-04
       120   1.13845818E-05   1.27510592E-05   2.18583971E-03   2.44820337E-03   8.66063838E-06   9.49615985E-06   1.66284257E-03   1.82326269E-03   8.52229519E-04   8.53935573E-04   6.30965550E-04   6.29843223E-04
       121   1.14785548E-05   1.28092763E-05   2.20388253E-03   2.45938104E-03   8.76874890E-06   9.50995985E-06   1.68359979E-03   1.82591229E-03   8.51277501E-04   8.53082448E-04   6.30117030E-04   6.29035773E-04
       122   1.15052475E-05   1.28911744E-05   2.20900751E-03   2.47510548E-03   8.80478920E-06   9.51784965E-06   1.69051953E-03   1.82742713E-03   8.50742286E-04   8.52427441E-04   6.29660945E-04   6.28551545E-04
       123   1.14687739E-05   1.29005560E-05   2.20200459E-03   2.47690674E-03   8.70567450E-06   9.60430544E-06   1.67148950E-03   1.84402665E-03   8.50675161E-04   8.52359047E-04   6.29443313E-04   6.28241168E-04
       124   1.13607296E-05   1.27817919E-05   2.18126009E-03   2.45410405E-03   8.62439311E-06   9.43799688E-06   1.65588348E-03   1.81209540E-03   8.50241263E-04   8.51958169E-04   6.29373103E-04   6.28211855E-04
       125   1.15878556E-05   1.28337417E-05   2.22486827E-03   2.46407841E-03   8.88743177E-06   9.62563812E-06   1.70638690E-03   1.84812252E-03   8.49548814E-04   8.51262563E-04   6.28745431E-04   6.27617167E-04
       126   1.14096994E-05   1.28564618E-05   2.19066229E-03   2.46844066E-03   8.65333556E-06   9.50281087E-06   1.66144043E-03   1.82453969E-03   8.49688885E-04   8.51414963E-04   6.28889649E-04   6.27672093E-04
       127   1.14720662E-05   1.29137936E-05   2.20263671E-03   2.47944836E-03   8.69974782E-06   9.46730127E-06   1.67035158E-03   1.81772184E-03   8.48946762E-04   8.50770641E-04   6.28415751E-04   6.27284538E-04
       128   1.14521985E-05   1.28371491E-05   2.19882211E-03   2.46473264E-03   8.72810292E-06   9.60867418E-06   1.67579576E-03   1.84486544E-03   8.48748207E-04   8.50474134E-04   6.28410436E-04   6.27311688E-04
       129   1.14323205E-05   1.27800843E-05   2.19500553E-03   2.45377619E-03   8.71642365E-06   9.54708669E-06   1.67355334E-03   1.83304064E-03   8.48764744E-04   8.50230911E-04   6.28253523E-04   6.26947456E-04
       130   1.17918575E-05   1.33192137E-05   2.26403664E-03   2.55728902E-03   9.00842190E-06   9.79607308E-06   1.72961701E-03   1.88084603E-03   8.48199993E-04   8.49669253E-04   6.27927769E-04   6.26704309E-04
       131   1.13612840E-05   1.27390991E-05   2.18136653E-03   2.44590702E-03   8.61281590E-06   9.44169796E-06   1.65366065E-03   1.81280601E-03   8.47836794E-04   8.49372467E-04   6.27680445E-04   6.26547005E-04
       132   1.13990132E-05   1.28448174E-05   2.18861053E-03   2.46620495E-03   8.68686522E-06   9.47741015E-06   1.66787812E-03   1.81966275E-03   8.47478083E-04   8.49139947E-04   6.27391413E-04   6.26215672E-04
       133   1.13647309E-05   1.27943505E-05   2.18202834E-03   2.45651530E-03   8.64886265E-06   9.45924484E-06   1.66058163E-03   1.81617501E-03   8.47191392E-04   8.48861673E-04   6.27251886E-04   6.26112175E-04
       134   1.14155996E-05   1.27648235E-05   2.19179512E-03   2.45084612E-03   8.68031993E-06   9.37301675E-06   1.66662143E-03   1.79961922E-03   8.46831552E-04   8.48611562E-04   6.27052103E-04   6.25969373E-04
       135   1.18870139E-05   1.33621227E-05   2.28230667E-03   2.56552756E-03   9.04043606E-06   9.76878337E-06   1.73576372E-03   1.87560641E-03   8.46314772E-04   8.48018047E-04   6.26717955E-04   6.25612569E-04
       136   1.14253511E-05   1.27385458E-05   2.19366741E-03   2.44580080E-03   8.70432860E-06   9.34986821E-06   1.67123109E-03   1.79517470E-03   8.46060601E-04   8.47755469E-04   6.26521398E-04   6.25420246E-04
       137   1.13268411E-05   1.27728229E-05   2.17475348E-03   2.45238199E-03   8.61362288E-06   9.44994887E-06   1.65381559E-03   1.81439018E-03   8.46044186E-04   8.47663623E-04   6.26490374E-04   6.25386689E-04
       138   1.15309915E-05   1.28075617E-05   2.21395037E-03   2.45905185E-03   8.78195100E-06   9.47348194E-06   1.68613459E-03   1.81890853E-03   8.45690786E-04   8.47096436E-04   6.26134400E-04   6.24884873E-04
       139   1.13169745E-05   1.26981268E-05   2.17285911E-03   2.43804034E-03   8.60999511E-06   9.47271627E-06   1.65311906E-03   1.81876152E-03   8.45547500E-04   8.46971334E-04   6.26369927E-04   6.25192047E-04
       140   1.13588842E-05   1.28278134E-05   2.18090576E-03   2.46294017E-03   8.61310479E-06   9.51154474E-06   1.65371612E-03   1.82621659E-03   8.45226551E-04   8.46815126E-04   6.26069029E-04   6.24864240E-04
       141   1.13007219E-05   1.27351668E-05   2.16973861E-03   2.44515203E-03   8.56886036E-06   9.38311438E-06   1.64522119E-03   1.80155796E-03   8.44703606E-04   8.46286654E-04   6.25891486E-04   6.24792286E-04
       142   1.13254747E-05   1.27865741E-05   2.17449114E-03   2.45502223E-03   8.62758445E-06   9.46719733E-06   1.65649621E-03   1.81770189E-03   8.44426545E-04   8.46022759E-04   6.25647811E-04   6.24539539E-04
       143   1.13555154E-05   1.28368411E-05   2.18025895E-03   2.46467350E-03   8.63136590E-06   9.44346186E-06   1.65722225E-03   1.81314468E-03   8.43983963E-04   8.45547363E-04   6.25316035E-04   6.24229203E-04
       144   1.13995678E-05   1.26654798E-05   2.18871702E-03   2.43177213E-03   8.68611209E-06   9.45158385E-06   1.66773352E-03   1.81470410E-03   8.43891667E-04   8.45329746E-04   6.25254812E-04   6.24095596E-04
       145   1.13536113E-05   1.27025576E-05   2.17989337E-03   2.43889105E-03   8.62421936E-06   9.48970121E-06   1.65585012E-03   1.82202263E-03   8.43499002E-04   8.45000627E-04   6.24979446E-04   6.23849551E-04
       146   1.13683692E-05   1.26966500E-05   2.18272689E-03   2.43775679E-03   8.68423167E-06   9.47882004E-06   1.66737248E-03   1.81993345E-03   8.43158360E-04   8.44646236E-04   6.24673997E-04   6.23542506E-04
       147   1.12814827E-05   1.26982479E-05   2.16604468E-03   2.43806360E-03   8.57166925E-06   9.33929549E-06   1.64576050E-03   1.79314473E-03   8.43121113E-04   8.44480238E-04   6.24640357E-04   6.23407045E-04
       148   1.13945277E-05   1.28152561E-05   2.18774931E-03   2.46052916E-03   8.64604835E-06   9.61483874E-06   1.66004128E-03   1.84604904E-03   8.43099058E-04   8.44419792E-04   6.24567232E-04   6.23305450E-04
       149   1.13173285E-05   1.27959808E-05   2.17292707E-03   2.45682832E-03   8.59694573E-06   9.45670507E-06   1.65061358E-03   1.81568737E-03   8.42784056E-04   8.44391964E-04   6.24637251E-04   6.23515027E-04
       150   1.13916926E-05   1.27222670E-05   2.18720498E-03   2.44267526E-03   8.70722982E-06   9.40549274E-06   1.67178812E-03   1.80585461E-03   8.42345791E-04   8.43831742E-04   6.24289870E-04   6.23096680E-04
       151   1.13568242E-05   1.27008893E-05   2.18051026E-03   2.43857075E-03   8.63137994E-06   9.32454932E-06   1.65722495E-03   1.79031347E-03   8.41877732E-04   8.43451467E-04   6.23796396E-04   6.22623290E-04
       152   1.14398416E-05   1.27798162E-05   2.19644958E-03   2.45372470E-03   8.71686127E-06   9.35374824E-06   1.67363736E-03   1.79591966E-03   8.41315749E-04   8.42853266E-04   6.23325134E-04   6.22138412E-04
       153   1.22128287E-05   1.35080585E-05   2.34486312E-03   2.59354723E-03   9.26974383E-06   9.83219525E-06   1.77979081E-03   1.88778149E-03   8.41239922E-04   8.42752212E-04   6.23404069E-04   6.22173998E-04
       154   1.13574111E-05   1.27499734E-05   2.18062293E-03   2.44799489E-03   8.66067197E-06   9.39251072E-06   1.66284902E-03   1.80336206E-03   8.40550533E-04   8.41982948E-04   6.22856627E-04   6.21663021E-04
       155   1.13145345E-05   1.27206111E-05   2.17239062E-03   2.44235733E-03   8.57452729E-06   9.45431394E-06   1.64630924E-03   1.81522828E-03   8.40619352E-04   8.42121696E-04   6.22979784E-04   6.21849924E-04
       156   1.14449354E-05   1.28133071E-05   2.19742760E-03   2.46015496E-03   8.65765230E-06   9.58813830E-06   1.66226924E-03   1.84092255E-03   8.40278839E-04   8.41732589E-04   6.22651035E-04   6.21453469E-04
       157   1.16243970E-05   1.28941687E-05   2.23188422E-03   2.47568040E-03   8.91569930E-06   9.50490347E-06   1.71181427E-03   1.82494147E-03   8.40195616E-04   8.41485568E-04   6.22626205E-04   6.21341325E-04
       158   1.12774744E-05   1.26923244E-05   2.16527509E-03   2.43692628E-03   8.56816852E-06   9.46881205E-06   1.64508836E-03   1.81801191E-03   8.40087732E-04   8.41402942E-04   6.22610818E-04   6.21267920E-04
       159   1.13664194E-05   1.27422404E-05   2.18235253E-03   2.44651015E-03   8.62448866E-06   9.50519405E-06   1.65590182E-03   1.82499726E-03   8.39655370E-04   8.40949751E-04   6.22351114E-04   6.21088151E-04
       160   1.13138574E-05   1.26799302E-05   2.17226062E-03   2.43454659E-03   8.56425591E-06   9.43836160E-06   1.64433713E-03   1.81216543E-03   8.40110609E-04   8.41610278E-04   6.22855940E-04   6.21626629E-04
       161   1.14914050E-05   1.27124094E-05   2.20634977E-03   2.44078260E-03   8.84825423E-06   9.65092306E-06   1.69886481E-03   1.85297723E-03   8.39852968E-04   8.41505749E-04   6.22589113E-04   6.21420723E-04
       162   1.12601852E-05   1.26889683E-05   2.16195556E-03   2.43628192E-03   8.56223710E-06   9.37069160E-06   1.64394952E-03   1.79917279E-03   8.39275497E-04   8.40945688E-04   6.22211905E-04   6.20956815E-04
       163   1.13417239E-05   1.27907990E-05   2.17761100E-03   2.45583340E-03   8.67923211E-06   9.47453757E-06   1.66641257E-03   1.81911121E-03   8.38673555E-04   8.40371113E-04   6.22220515E-04   6.21224910E-04
       164   1.27443193E-05   1.38615093E-05   2.44690930E-03   2.66140978E-03   9.93850141E-06   1.08409286E-05   1.90819227E-03   2.08145829E-03   8.38435657E-04   8.40100640E-04   6.21934944E-04   6.20896307E-04
       165   1.13627862E-05   1.26617380E-05   2.18165496E-03   2.43105369E-03   8.61141429E-06   9.37938018E-06   1.65339154E-03   1.80084100E-03   8.38300654E-04   8.39886116E-04   6.21772998E-04   6.20662073E-04
       166   1.12371700E-05   1.26832470E-05   2.15753664E-03   2.43518343E-03   8.51712588E-06   9.36299189E-06   1.63528817E-03   1.79769444E-03   8.38488563E-04   8.40191894E-04   6.21868425E-04   6.20762701E-04
       167   1.16896034E-05   1.28417839E-05   2.24440386E-03   2.46562251E-03   9.01043741E-06   9.74782710E-06   1.73000398E-03   1.87158280E-03   8.37524399E-04   8.39143405E-04   6.21122725E-04   6.20046068E-04
       168   1.12104276E-05   1.26301872E-05   2.15240211E-03   2.42499594E-03   8.52884555E-06   9.37086885E-06   1.63753834E-03   1.79920682E-03   8.38153759E-04   8.39627590E-04   6.21438158E-04   6.20137465E-04
       169   1.11833244E-05   1.25865619E-05   2.14719829E-03   2.41661988E-03   8.50426885E-06   9.33848408E-06   1.63281962E-03   1.79298894E-03   8.37407959E-04   8.38952985E-04   6.21033502E-04   6.19806757E-04
       170   1.12603289E-05   1.26278689E-05   2.16198316E-03   2.42455082E-03   8.57500811E-06   9.32229515E-06   1.64640156E-03   1.78988067E-03   8.36967152E-04   8.38512720E-04   6.20870575E-04   6.19753811E-04
       171   1.14316066E-05   1.27435361E-05   2.19486846E-03   2.44675893E-03   8.68568973E-06   9.59836268E-06   1.66765243E-03   1.84288563E-03   8.36754222E-04   8.38367811E-04   6.20564397E-04   6.19371358E-04
       172   1.13826923E-05   1.28067173E-05   2.18547692E-03   2.45888972E-03   8.64574170E-06   9.35007073E-06   1.65998241E-03   1.79521358E-03   8.36526860E-04   8.38086024E-04   6.20454692E-04   6.19310936E-04
       173   1.12336750E-05   1.26218253E-05   2.15686561E-03   2.42339046E-03   8.58591119E-06   9.38783004E-06   1.64849495E-03   1.80246337E-03   8.36102988E-04   8.37654665E-04   6.20142123E-04   6.18997487E-04
       174   1.15950187E-05   1.28164931E-05   2.22624359E-03   2.46076668E-03   8.94642886E-06   9.79833066E-06   1.71771434E-03   1.88127949E-03   8.36621403E-04   8.38059788E-04   6.20739910E-04   6.19503812E-04
       175   1.14361470E-05   1.29394906E-05   2.19574023E-03   2.48438219E-03   8.72262536E-06   9.60385896E-06   1.67474407E-03   1.84394092E-03   8.36065277E-04   8.37535951E-04   6.20216168E-04   6.19061558E-04
       176   1.14328273E-05   1.28387764E-05   2.19510284E-03   2.46504508E-03   8.74369164E-06   9.49312560E-06   1.67878880E-03   1.82268012E-03   8.35449227E-04   8.36976716E-04   6.19928145E-04   6.18848012E-04
       177   1.12111565E-05   1.26712285E-05   2.15254204E-03   2.43287588E-03   8.53119844E-06   9.35091501E-06   1.63799010E-03   1.79537568E-03   8.35308774E-04   8.36720132E-04   6.19592941E-04   6.18428442E-04
       178   1.14470185E-05   1.28917438E-05   2.19782756E-03   2.47521481E-03   8.77978015E-06   9.69205115E-06   1.68571779E-03   1.86087382E-03   8.34870546E-04   8.36286466E-04   6.19314883E-04   6.18136206E-04
       179   1.12186716E-05   1.26389392E-05   2.15398494E-03   2.42667632E-03   8.55466933E-06   9.37791886E-06   1.64249651E-03   1.80056042E-03   8.35877553E-04   8.37128052E-04   6.20041455E-04   6.18726336E-04
       180   1.16439775E-05   1.30527190E-05   2.23564368E-03   2.50612205E-03   8.78421599E-06   9.81507553E-06   1.68656947E-03   1.88449450E-03   8.34797587E-04   8.36138729E-04   6.19170671E-04   6.17949707E-04
       181   1.13766174E-05   1.27493621E-05   2.18431053E-03   2.44787753E-03   8.68481777E-06   9.37872596E-06   1.66748501E-03   1.80071538E-03   8.34642489E-04   8.35938905E-04   6.19173119E-04   6.18029856E-04
       182   1.12149821E-05   1.26022083E-05   2.15327657E-03   2.41962399E-03   8.52540246E-06   9.32563579E-06   1.63687727E-03   1.79052207E-03   8.34499017E-04   8.35833319E-04   6.18984868E-04   6.17765404E-04
       183   1.12393827E-05   1.26572256E-05   2.15796148E-03   2.43018731E-03   8.56086655E-06   9.34293534E-06   1.64368638E-03   1.79384359E-03   8.34598426E-04   8.35863962E-04   6.19076990E-04   6.17835735E-04
       184   1.14874892E-05   1.26474521E-05   2.20559793E-03   2.42831080E-03   8.81952058E-06   9.50068084E-06   1.69334795E-03   1.82413072E-03   8.34674650E-04   8.35895440E-04   6.19380423E-04   6.18167264E-04
       185   1.12671674E-05   1.27733670E-05   2.16329614E-03   2.45248647E-03   8.53127333E-06   9.33431666E-06   1.63800448E-03   1.79218880E-03   8.33805631E-04   8.35184145E-04   6.18573026E-04   6.17384323E-04
       186   1.12852825E-05   1.27494956E-05   2.16677424E-03   2.44790315E-03   8.57505540E-06   9.60284489E-06   1.64641064E-03   1.84374622E-03   8.33476905E-04   8.34780942E-04   6.18149621E-04   6.16905555E-04
       187   1.13279784E-05   1.28201443E-05   2.17497186E-03   2.46146770E-03   8.64971390E-06   9.42040833E-06   1.66074507E-03   1.80871840E-03   8.33181396E-04   8.34512593E-04   6.18107273E-04   6.16932281E-04
       188   1.12285797E-05   1.26041798E-05   2.15588729E-03   2.42000253E-03   8.47222012E-06   9.38335926E-06   1.62666626E-03   1.80160498E-03   8.33188898E-04   8.34382972E-04   6.18162566E-04   6.16863301E-04
       189   1.14933807E-05   1.29882564E-05   2.20672910E-03   2.49374522E-03   8.81773034E-06   9.69630944E-06   1.69300423E-03   1.86169141E-03   8.32837144E-04   8.34204805E-04   6.18022412E-04   6.16831701E-04
       190   1.15721101E-05   1.30482569E-05   2.22184515E-03   2.50526533E-03   8.92628692E-06   9.65502261E-06   1.71384709E-03   1.85376434E-03   8.32519416E-04   8.33749709E-04   6.17814034E-04   6.16568708E-04
       191   1.11842615E-05   1.26910969E-05   2.14737820E-03   2.43669060E-03   8.51490843E-06   9.36878589E-06   1.63486242E-03   1.79880689E-03   8.32195749E-04   8.33517582E-04   6.17583671E-04   6.16351225E-04
       192   1.13672713E-05   1.28800888E-05   2.18251609E-03   2.47297704E-03   8.66325277E-06   9.49799657E-06   1.66334453E-03   1.82361534E-03   8.32216640E-04   8.33434211E-04   6.17653885E-04   6.16417672E-04
       193   1.14763322E-05   1.29069188E-05   2.20345578E-03   2.47812841E-03   8.72650232E-06   9.79428730E-06   1.67548844E-03   1.88050316E-03   8.32185206E-04   8.33539588E-04   6.17544050E-04   6.16343340E-04
       194   1.15125589E-05   1.29167381E-05   2.21041131E-03   2.48001372E-03   8.87737461E-06   9.68325251E-06   1.70445593E-03   1.85918448E-03   8.31986918E-04   8.33524094E-04   6.17389209E-04   6.16321659E-04
       195   1.13692561E-05   1.27988745E-05   2.18289718E-03   2.45738391E-03   8.65906923E-06   9.38642321E-06   1.66254129E-03   1.80219326E-03   8.31457101E-04   8.32844230E-04   6.16902538E-04   6.15732979E-04
       196   1.11777321E-05   1.26806950E-05   2.14612457E-03   2.43469344E-03   8.51021702E-06   9.39816641E-06   1.63396167E-03   1.80444795E-03   8.31339721E-04   8.32765389E-04   6.16892210E-04   6.15716485E-04
       197   1.14916813E-05   1.29612675E-05   2.20640280E-03   2.48856336E-03   8.78719549E-06   9.79259800E-06   1.68714153E-03   1.88017882E-03   8.31518353E-04   8.32859601E-04   6.17209108E-04   6.16019516E-04
       198   1.14846217E-05   1.27759191E-05   2.20504737E-03   2.45297646E-03   8.85990004E-06   9.75446039E-06   1.70110081E-03   1.87285639E-03   8.31109929E-04   8.32473589E-04   6.16644388E-04   6.15359275E-04
       199   1.12824052E-05   1.26094461E-05   2.16622180E-03   2.42101366E-03   8.55042134E-06   9.39095745E-06   1.64168090E-03   1.80306383E-03   8.31147574E-04   8.32574930E-04   6.16986169E-04   6.15813699E-04
       200   1.11681122E-05   1.25568512E-05   2.14427755E-03   2.41091544E-03   8.44384456E-06   9.29479753E-06   1.62121816E-03   1.78460113E-03   8.30922183E-04   8.32209204E-04   6.16759648E-04   6.15513285E-04
